src/App.tsx(1,1): error TS6133: 'React' is declared but its value is never read.
src/components/charts/RevenueLineChart.tsx(1,1): error TS6133: 'React' is declared but its value is never read.
src/components/charts/RevenueLineChart.tsx(3,10): error TS1484: 'RootState' is a type and must be imported using a type-only import when 'verbatimModuleSyntax' is enabled.
src/components/charts/SalesBarChart.tsx(1,1): error TS6133: 'React' is declared but its value is never read.
src/components/charts/TrafficPieChart.tsx(1,1): error TS6133: 'React' is declared but its value is never read.
src/components/charts/TrafficPieChart.tsx(27,40): error TS6133: 'entry' is declared but its value is never read.
src/components/common/Header.tsx(1,8): error TS6133: 'React' is declared but its value is never read.
src/components/common/Header.tsx(4,10): error TS1484: 'RootState' is a type and must be imported using a type-only import when 'verbatimModuleSyntax' is enabled.
src/components/common/Layout.tsx(1,8): error TS6133: 'React' is declared but its value is never read.
src/components/common/Layout.tsx(6,10): error TS1484: 'RootState' is a type and must be imported using a type-only import when 'verbatimModuleSyntax' is enabled.
src/components/common/Sidebar.tsx(1,1): error TS6133: 'React' is declared but its value is never read.
src/components/common/Sidebar.tsx(6,10): error TS1484: 'RootState' is a type and must be imported using a type-only import when 'verbatimModuleSyntax' is enabled.
src/components/dashboard/KPICards.tsx(3,10): error TS1484: 'RootState' is a type and must be imported using a type-only import when 'verbatimModuleSyntax' is enabled.
src/components/dashboard/RecentActivityTable.tsx(1,1): error TS6133: 'React' is declared but its value is never read.
src/components/dashboard/RecentActivityTable.tsx(3,10): error TS1484: 'RootState' is a type and must be imported using a type-only import when 'verbatimModuleSyntax' is enabled.
src/pages/Analytics.tsx(1,8): error TS6133: 'React' is declared but its value is never read.
src/pages/Dashboard.tsx(1,1): error TS6133: 'React' is declared but its value is never read.
src/pages/Reports.tsx(1,8): error TS6133: 'React' is declared but its value is never read.
src/pages/Settings.tsx(1,8): error TS6133: 'React' is declared but its value is never read.
src/pages/Settings.tsx(4,10): error TS1484: 'RootState' is a type and must be imported using a type-only import when 'verbatimModuleSyntax' is enabled.
src/pages/Users.tsx(1,8): error TS6133: 'React' is declared but its value is never read.
src/pages/Users.tsx(3,10): error TS1484: 'RootState' is a type and must be imported using a type-only import when 'verbatimModuleSyntax' is enabled.
src/pages/Users.tsx(12,19): error TS6133: 'setUsers' is declared but its value is never read.
src/store/slices/authSlice.ts(1,23): error TS1484: 'PayloadAction' is a type and must be imported using a type-only import when 'verbatimModuleSyntax' is enabled.
src/store/slices/dashboardSlice.ts(1,23): error TS1484: 'PayloadAction' is a type and must be imported using a type-only import when 'verbatimModuleSyntax' is enabled.
